...........................................                              [100%]
=============================== warnings summary ===============================
tests/v3/test_api.py::test_api_health_ready_metadata_and_valid_upload
  /kaggle/working/aereo-water-segmentation/src/aereo_water/api/app.py:205: DeprecationWarning: 'mode' parameter is deprecated and will be removed in Pillow 13 (2026-10-15)
    Image.fromarray(mask.astype(np.uint8) * 255, mode="L").save(

tests/v3/test_transforms.py::test_letterbox_preserves_aspect_ratio_and_restores_shape
tests/v3/test_transforms.py::test_stretch_restores_shape
  /kaggle/working/aereo-water-segmentation/src/aereo_water/data/transforms.py:181: DeprecationWarning: 'mode' parameter is deprecated and will be removed in Pillow 13 (2026-10-15)
    probability_image = Image.fromarray(cropped, mode="F")

-- Docs: https://docs.pytest.org/en/stable/how-to/capture-warnings.html
43 passed, 3 warnings in 5.63s

